// Jest Snapshot v1, https://goo.gl/fbAQLP

exports[`renders LandingPage Component should match the snapshot 1`] = `ShallowWrapper {}`;
